#-----------------------------------------------------------
# updatemem v2021.1 (64-bit)
# SW Build 3247384 on Thu Jun 10 19:36:33 MDT 2021
# 
# Start of session at: Mon Nov  1 19:52:48 2021
# Process ID: 19704
# Current directory: C:/Users/andrew_clinkenbeard1/Box/SOC/Basic_FPro2
# Command line: updatemem.exe -mode batch -source C:/XilinxVitis/Vitis/2021.1/scripts/updatemem/main.tcl -notrace -tclargs -meminfo C:/Users/andrew_clinkenbeard1/newworkspacept2/hw3_pt5_app/_ide/bitstream/hw3_pt5_xsa.mmi -data C:/XilinxVitis/Vitis/2021.1/data/embeddedsw/lib/microblaze/mb_bootloop_le.elf -proc cpu_unit/inst/microblaze_I -bit C:/Users/andrew_clinkenbeard1/newworkspacept2/hw3_pt5_app/_ide/bitstream/hw3_pt5_xsa.bit -out C:/Users/andrew_clinkenbeard1/newworkspacept2/hw3_pt5_app/_ide/bitstream/download.bit -force
# Log file: C:/Users/andrew_clinkenbeard1/Box/SOC/Basic_FPro2/updatemem.log
# Journal file: C:/Users/andrew_clinkenbeard1/Box/SOC/Basic_FPro2\updatemem.jou
#-----------------------------------------------------------
source C:/XilinxVitis/Vitis/2021.1/scripts/updatemem/main.tcl -notrace
